5090 checkpoint load protocol — fresh clone + fresh venv verification log
=========================================================================

date            : 2026-09-12 04:13 UTC
verified commit : ff529e741f0ee93135c5ea4db8b769acc7d0a743 (dev/4090-data-plane)
remote          : git@github.com:shiroha57/embodiedflow.git
clone           : /data5/ljt_data/work/verify_5090_clone  (fresh clone of the remote branch, no local edits)
venv            : /data5/ljt_data/work/verify_5090_venv   (created from scratch for this check;
                  offline install from local wheelhouse, no network:
                  torch==2.3.0+cu121, PyYAML==6.0.3, numpy==2.2.6)
checkpoint      : artifacts/checkpoints/overfit-fixture-v0
                  (32x32 synthetic-fixture overfit sample; protocol-compatibility ONLY,
                   does not claim policy effectiveness — see docs/4090/checkpoint_handoff.md)

pip freeze of the fresh venv (complete):

Python 3.10.20
filelock==3.32.5
fsspec==2026.7.0
Jinja2==3.1.6
MarkupSafe==3.0.3
mpmath==1.3.0
networkx==3.4.2
numpy==2.2.6
nvidia-cublas-cu12==12.1.3.1
nvidia-cuda-cupti-cu12==12.1.105
nvidia-cuda-nvrtc-cu12==12.1.105
nvidia-cuda-runtime-cu12==12.1.105
nvidia-cudnn-cu12==8.9.2.26
nvidia-cufft-cu12==11.0.2.54
nvidia-curand-cu12==10.3.2.106
nvidia-cusolver-cu12==11.4.5.107
nvidia-cusparse-cu12==12.1.0.106
nvidia-nccl-cu12==2.20.5
nvidia-nvjitlink-cu12==12.9.86
nvidia-nvtx-cu12==12.1.105
PyYAML==6.0.3
sympy==1.14.0
torch==2.3.0+cu121
triton==2.3.0
typing_extensions==4.16.0


Variant 1 — full clone
----------------------

$ cd /tmp && PYTHONPATH=/data5/ljt_data/work/verify_5090_clone/src /data5/ljt_data/work/verify_5090_venv/bin/python /data5/ljt_data/work/verify_load_check.py /data5/ljt_data/work/verify_5090_clone/artifacts/checkpoints/overfit-fixture-v0
/data5/ljt_data/work/verify_5090_venv/lib/python3.10/site-packages/torch/nn/modules/transformer.py:306: UserWarning: enable_nested_tensor is True, but self.use_nested_tensor is False because encoder_layer.norm_first was True
  warnings.warn(f"enable_nested_tensor is True, but self.use_nested_tensor is False because {why_not_sparsity_fast_path}")
1. import embodiedflow.dataplane: ok (/data5/ljt_data/work/verify_5090_clone/src/embodiedflow/dataplane/__init__.py)
2. sha256 verified: 656fadd46dfeb87d...
3. model rebuilt: 139244 params, global_step=400
4. sample inference output shape: (1, 20, 7)
torch 2.3.0+cu121, python 3.10.20
LOAD PROTOCOL CHECK: PASS
exit=0


Variant 2 — minimal bundle (4 load-path source files + model.pt + model_manifest.json)
--------------------------------------------------------------------------------------

bundle contents:

/data5/ljt_data/work/verify_min_bundle/model_manifest.json
/data5/ljt_data/work/verify_min_bundle/model.pt
/data5/ljt_data/work/verify_min_bundle/src/embodiedflow/dataplane/config.py
/data5/ljt_data/work/verify_min_bundle/src/embodiedflow/dataplane/__init__.py
/data5/ljt_data/work/verify_min_bundle/src/embodiedflow/dataplane/model.py
/data5/ljt_data/work/verify_min_bundle/src/embodiedflow/__init__.py

(i.e. no dataset.py / stats.py / checkpoint.py / jsonschema anywhere on the path)

$ cd /tmp && PYTHONPATH=/data5/ljt_data/work/verify_min_bundle/src /data5/ljt_data/work/verify_5090_venv/bin/python /data5/ljt_data/work/verify_load_check.py /data5/ljt_data/work/verify_min_bundle
/data5/ljt_data/work/verify_5090_venv/lib/python3.10/site-packages/torch/nn/modules/transformer.py:306: UserWarning: enable_nested_tensor is True, but self.use_nested_tensor is False because encoder_layer.norm_first was True
  warnings.warn(f"enable_nested_tensor is True, but self.use_nested_tensor is False because {why_not_sparsity_fast_path}")
1. import embodiedflow.dataplane: ok (/data5/ljt_data/work/verify_min_bundle/src/embodiedflow/dataplane/__init__.py)
2. sha256 verified: 656fadd46dfeb87d...
3. model rebuilt: 139244 params, global_step=400
4. sample inference output shape: (1, 20, 7)
torch 2.3.0+cu121, python 3.10.20
LOAD PROTOCOL CHECK: PASS
exit=0


Result
------

Both variants PASS (exit=0): package import, sha256 check, model rebuild and
sample inference ([1, 20, 7]) all succeed in a fresh clone + fresh venv that
contains only torch + pyyaml + numpy>=2.

Scope: load protocol (format compatibility) only. This log does NOT claim
GPU inference works on the 5090 side, nor any real Isaac policy effectiveness.

Notes:
- The UserWarning above is a known-benign torch transformer hint, not an error.
- numpy>=2 is required at torch.load time: the checkpoint's `rng` field embeds
  numpy 2.x-pickled arrays (numpy 1.x raises "No module named 'numpy._core'").
- The verification script verify_load_check.py is a local harness; its four
  checks mirror the documented commands in docs/4090/checkpoint_handoff.md.
